c:\users\warp\downloads\superanimalhack-main\superanimalhack-main\obj\release\superanimalhack\imgui_stdlib.obj
c:\users\warp\downloads\superanimalhack-main\superanimalhack-main\obj\release\superanimalhack\imgui_impl_win32.obj
c:\users\warp\downloads\superanimalhack-main\superanimalhack-main\obj\release\superanimalhack\imgui_impl_dx11.obj
c:\users\warp\downloads\superanimalhack-main\superanimalhack-main\obj\release\superanimalhack\imgui_draw.obj
c:\users\warp\downloads\superanimalhack-main\superanimalhack-main\obj\release\superanimalhack\imgui_demo.obj
c:\users\warp\downloads\superanimalhack-main\superanimalhack-main\obj\release\superanimalhack\imgui.obj
c:\users\warp\downloads\superanimalhack-main\superanimalhack-main\obj\release\superanimalhack\misc.obj
c:\users\warp\downloads\superanimalhack-main\superanimalhack-main\obj\release\superanimalhack\cameramodule.obj
c:\users\warp\downloads\superanimalhack-main\superanimalhack-main\obj\release\superanimalhack\movement.obj
c:\users\warp\downloads\superanimalhack-main\superanimalhack-main\obj\release\superanimalhack\espmodule.obj
c:\users\warp\downloads\superanimalhack-main\superanimalhack-main\obj\release\superanimalhack\hooksmanager.obj
c:\users\warp\downloads\superanimalhack-main\superanimalhack-main\obj\release\superanimalhack\logmanager.obj
c:\users\warp\downloads\superanimalhack-main\superanimalhack-main\obj\release\superanimalhack\patternscanner.obj
c:\users\warp\downloads\superanimalhack-main\superanimalhack-main\obj\release\superanimalhack\nopbuffer.obj
c:\users\warp\downloads\superanimalhack-main\superanimalhack-main\obj\release\superanimalhack\modulesmanager.obj
c:\users\warp\downloads\superanimalhack-main\superanimalhack-main\obj\release\superanimalhack\menu.obj
c:\users\warp\downloads\superanimalhack-main\superanimalhack-main\obj\release\superanimalhack\app.obj
c:\users\warp\downloads\superanimalhack-main\superanimalhack-main\obj\release\superanimalhack\main.obj
c:\users\warp\downloads\superanimalhack-main\superanimalhack-main\obj\release\superanimalhack\dllmain.obj
c:\users\warp\downloads\superanimalhack-main\superanimalhack-main\obj\release\superanimalhack\aimbot.obj
c:\users\warp\downloads\superanimalhack-main\superanimalhack-main\obj\release\superanimalhack\imgui_widgets.obj
c:\users\warp\downloads\superanimalhack-main\superanimalhack-main\obj\release\superanimalhack\imgui_tables.obj
c:\users\warp\downloads\superanimalhack-main\superanimalhack-main\obj\release\superanimalhack\hde64.obj
c:\users\warp\downloads\superanimalhack-main\superanimalhack-main\obj\release\superanimalhack\hde32.obj
c:\users\warp\downloads\superanimalhack-main\superanimalhack-main\obj\release\superanimalhack\trampoline.obj
c:\users\warp\downloads\superanimalhack-main\superanimalhack-main\obj\release\superanimalhack\hook.obj
c:\users\warp\downloads\superanimalhack-main\superanimalhack-main\obj\release\superanimalhack\buffer.obj
c:\users\warp\downloads\superanimalhack-main\superanimalhack-main\bin\release\superanimalhack.dll
c:\users\warp\downloads\superanimalhack-main\superanimalhack-main\obj\release\superanimalhack\superanimalhack.ipdb
c:\users\warp\downloads\superanimalhack-main\superanimalhack-main\obj\release\superanimalhack\superanimalhack.iobj
c:\users\warp\downloads\superanimalhack-main\superanimalhack-main\obj\release\superanimalhack\superanimalhack.vcxproj.filelistabsolute.txt
c:\users\warp\downloads\superanimalhack-main\superanimalhack-main\obj\release\superanimalhack\superanimalhack.tlog\cl.command.1.tlog
c:\users\warp\downloads\superanimalhack-main\superanimalhack-main\obj\release\superanimalhack\superanimalhack.tlog\cl.items.tlog
c:\users\warp\downloads\superanimalhack-main\superanimalhack-main\obj\release\superanimalhack\superanimalhack.tlog\cl.read.1.tlog
c:\users\warp\downloads\superanimalhack-main\superanimalhack-main\obj\release\superanimalhack\superanimalhack.tlog\cl.write.1.tlog
c:\users\warp\downloads\superanimalhack-main\superanimalhack-main\obj\release\superanimalhack\superanimalhack.tlog\link.command.1.tlog
c:\users\warp\downloads\superanimalhack-main\superanimalhack-main\obj\release\superanimalhack\superanimalhack.tlog\link.read.1.tlog
c:\users\warp\downloads\superanimalhack-main\superanimalhack-main\obj\release\superanimalhack\superanimalhack.tlog\link.secondary.1.tlog
c:\users\warp\downloads\superanimalhack-main\superanimalhack-main\obj\release\superanimalhack\superanimalhack.tlog\link.write.1.tlog
